Networking has been disabled
Starting project at C:\Users\Herman_kg\Desktop\TrustFolioKids-mobile
Using src/app as the root directory for Expo Router.
React Compiler enabled
Starting Metro Bundler

Waiting on http://localhost:8110

Logs for your project will appear below.
| (node:18436) Warning: The 'NO_COLOR' env is ignored due to the 'FORCE_COLOR' env being set.
| (Use `node --trace-warnings ...` to show where the warning was created)
| (node:18436) Warning: The 'NO_COLOR' env is ignored due to the 'FORCE_COLOR' env being set.
| (Use `node --trace-warnings ...` to show where the warning was created)
| (node:18436) Warning: The 'NO_COLOR' env is ignored due to the 'FORCE_COLOR' env being set.
| (Use `node --trace-warnings ...` to show where the warning was created)
| (node:18436) Warning: The 'NO_COLOR' env is ignored due to the 'FORCE_COLOR' env being set.
| (Use `node --trace-warnings ...` to show where the warning was created)
| (node:18436) Warning: The 'NO_COLOR' env is ignored due to the 'FORCE_COLOR' env being set.
| (Use `node --trace-warnings ...` to show where the warning was created)
| (node:18436) Warning: The 'NO_COLOR' env is ignored due to the 'FORCE_COLOR' env being set.
| (Use `node --trace-warnings ...` to show where the warning was created)
λ Bundled 16050ms node_modules\expo\node_modules\@expo\cli\node_modules\@expo\router-server\node\render.js (3204 modules)
Web Bundled 18110ms node_modules\expo-router\entry.js (3157 modules)
Web Bundled 5030ms node_modules\expo-router\entry.js (3141 modules)
Web  INFO  %cDownload the React DevTools for a better development experience: https://react.dev/link/react-devtools font-weight:bold
Web  LOG  Running application "main" with appParams:
 {"hydrate": undefined, "rootTag": "#root"} 
Development-level warnings: ON.
Performance optimizations: OFF.
λ Bundled 5283ms node_modules\expo\node_modules\@expo\cli\node_modules\@expo\router-server\node\render.js (1 module)
Web Bundled 6559ms node_modules\expo-router\entry.js (1 module)
Web Bundled 117ms node_modules\expo-router\entry.js (1 module)
Web  INFO  %cDownload the React DevTools for a better development experience: https://react.dev/link/react-devtools font-weight:bold
Web  LOG  Running application "main" with appParams:
 {"hydrate": undefined, "rootTag": "#root"} 
Development-level warnings: ON.
Performance optimizations: OFF.
λ Bundled 134ms node_modules\expo\node_modules\@expo\cli\node_modules\@expo\router-server\node\render.js (1 module)
Web Bundled 1328ms node_modules\expo-router\entry.js (1 module)
Web Bundled 121ms node_modules\expo-router\entry.js (1 module)
Web  INFO  %cDownload the React DevTools for a better development experience: https://react.dev/link/react-devtools font-weight:bold
Web  LOG  Running application "main" with appParams:
 {"hydrate": undefined, "rootTag": "#root"} 
Development-level warnings: ON.
Performance optimizations: OFF.
λ Bundled 107ms node_modules\expo\node_modules\@expo\cli\node_modules\@expo\router-server\node\render.js (1 module)
Web Bundled 880ms node_modules\expo-router\entry.js (1 module)
Web Bundled 111ms node_modules\expo-router\entry.js (1 module)
Web  INFO  %cDownload the React DevTools for a better development experience: https://react.dev/link/react-devtools font-weight:bold
Web  LOG  Running application "main" with appParams:
 {"hydrate": undefined, "rootTag": "#root"} 
Development-level warnings: ON.
Performance optimizations: OFF.
Web  ERROR  The action 'GO_BACK' was not handled by any navigator.

Is there any screen to go back to?

This is a development-only warning and won't be shown in production. 

Code: setupHMR.ts
[0m [90m 79 |[39m [36mfunction[39m captureCurrentStack() {
 [90m 80 |[39m   [90m// If you're reading this, look deeper into the call stack to find the actual error source.[39m
[31m[1m>[22m[39m[90m 81 |[39m   [36mreturn[39m [36mnew[39m [33mNamelessError[39m()[33m.[39mstack[33m;[39m
 [90m    |[39m          [31m[1m^[22m[39m
 [90m 82 |[39m }
 [90m 83 |[39m[0m
Call Stack
  captureCurrentStack (node_modules\expo\src\async-require\setupHMR.ts:81:10)
  addErrorStacks (node_modules\expo\src\async-require\setupHMR.ts:59:19)
  console.level (node_modules\expo\src\async-require\setupHMR.ts:22:48)
  consoleErrorMiddleware (node_modules\@expo\log-box\src\LogBox.ts:101:23)
  console.error (node_modules\@expo\log-box\src\LogBox.ts:33:25)
  onUnhandledAction (node_modules\expo-router\build\ExpoRoot.js:183:17)
  <anonymous> (node_modules\expo-router\build\react-navigation\core\useNavigationBuilder.js:611:32)
  latestCallback (node_modules\expo-router\build\utils\useLatestCallback.js:52:28)
  dispatch (node_modules\expo-router\build\react-navigation\core\useNavigationHelpers.js:57:34)
  listeners.focus._$argument_0 (node_modules\expo-router\build\react-navigation\core\BaseNavigationContainer.js:120:59)
  listener (node_modules\expo-router\build\react-navigation\core\useFocusedListenersChildrenAdapter.js:54:45)
  listener (node_modules\expo-router\build\react-navigation\core\useFocusedListenersChildrenAdapter.js:49:45)
  <anonymous> (node_modules\expo-router\build\react-navigation\core\BaseNavigationContainer.js:120:31)
  latestCallback (node_modules\expo-router\build\utils\useLatestCallback.js:52:28)
  exports.routingQueue.run (node_modules\expo-router\build\global-state\routingQueue.js:40:33)
  <anonymous> (node_modules\expo-router\build\imperative-api.js:12:32)
  callCreate.react_stack_bottom_frame (node_modules\react-dom\cjs\react-dom-client.development.js:25989:20)
  runWithFiberInDEV (node_modules\react-dom\cjs\react-dom-client.development.js:871:30)
  commitHookEffectListMount (node_modules\react-dom\cjs\react-dom-client.development.js:13249:29)
  commitHookPassiveMountEffects (node_modules\react-dom\cjs\react-dom-client.development.js:13336:11)
  commitPassiveMountOnFiber (node_modules\react-dom\cjs\react-dom-client.development.js:15484:13)
  recursivelyTraversePassiveMountEffects (node_modules\react-dom\cjs\react-dom-client.development.js:15439:11)
  commitPassiveMountOnFiber (node_modules\react-dom\cjs\react-dom-client.development.js:15718:11)
  recursivelyTraversePassiveMountEffects (node_modules\react-dom\cjs\react-dom-client.development.js:15439:11)
  commitPassiveMountOnFiber (node_modules\react-dom\cjs\react-dom-client.development.js:15476:11)
  recursivelyTraversePassiveMountEffects (node_modules\react-dom\cjs\react-dom-client.development.js:15439:11)
  commitPassiveMountOnFiber (node_modules\react-dom\cjs\react-dom-client.development.js:15476:11)
  recursivelyTraversePassiveMountEffects (node_modules\react-dom\cjs\react-dom-client.development.js:15439:11)
  commitPassiveMountOnFiber (node_modules\react-dom\cjs\react-dom-client.development.js:15718:11)
  recursivelyTraversePassiveMountEffects (node_modules\react-dom\cjs\react-dom-client.development.js:15439:11)
  commitPassiveMountOnFiber (node_modules\react-dom\cjs\react-dom-client.development.js:15504:11)
  recursivelyTraversePassiveMountEffects (node_modules\react-dom\cjs\react-dom-client.development.js:15439:11)
  commitPassiveMountOnFiber (node_modules\react-dom\cjs\react-dom-client.development.js:15476:11)
  recursivelyTraversePassiveMountEffects (node_modules\react-dom\cjs\react-dom-client.development.js:15439:11)
  commitPassiveMountOnFiber (node_modules\react-dom\cjs\react-dom-client.development.js:15476:11) 

Code: ExpoRoot.js
[0m [90m 133 |[39m         }
 [90m 134 |[39m     }
[31m[1m>[22m[39m[90m 135 |[39m     [36mreturn[39m (([35m0[39m[33m,[39m jsx_runtime_1[33m.[39mjsx)(storeContext_1[33m.[39m[33mStoreContext[39m[33m.[39m[33mProvider[39m[33m,[39m { value[33m:[39m store[33m,[39m children[33m:[39m ([35m0[39m[33m,[39m jsx_runtime_1[33m.[39mjsx)([33mNavigationContainer_1[39m[33m.[39m[33mNavigationContainer[39m[33m,[39m { ref[33m:[39m store[33m.[39mnavigationRef[33m,[39m initialState[33m:[39m store[33m.[39mstate[33m,[39m linking[33m:[39m store[33m.[39mlinking[33m,[39m onUnhandledAction[33m:[39m onUnhandledAction[33m,[39m onStateChange[33m:[39m store[33m.[39monStateChange[33m,[39m documentTitle[33m:[39m documentTitle[33m,[39m onReady[33m:[39m onNavigationReady[33m,[39m children[33m:[39m ([35m0[39m[33m,[39m jsx_runtime_1[33m.[39mjsx)(serverLocationContext_1[33m.[39m[33mServerContext[39m[33m.[39m[33mProvider[39m[33m,[39m { value[33m:[39m serverContext[33m,[39m children[33m:[39m ([35m0[39m[33m,[39m jsx_runtime_1[33m.[39mjsx)([33mWrapperComponent[39m[33m,[39m { children[33m:[39m ([35m0[39m[33m,[39m jsx_runtime_1[33m.[39mjsx)([33mContent[39m[33m,[39m {}) }) }) }) }))[33m;[39m
 [90m     |[39m                                                                                                                         [31m[1m^[22m[39m
 [90m 136 |[39m }
 [90m 137 |[39m [36mfunction[39m [33mContent[39m() {
 [90m 138 |[39m     [36mconst[39m children [33m=[39m [([35m0[39m[33m,[39m jsx_runtime_1[33m.[39mjsx)(primitives_1[33m.[39m[33mScreen[39m[33m,[39m { name[33m:[39m constants_1[33m.[39m[33mINTERNAL_SLOT_NAME[39m[33m,[39m component[33m:[39m router_store_1[33m.[39mstore[33m.[39mrootComponent })][33m;[39m[0m
Call Stack
  ContextNavigator (node_modules\expo-router\build\ExpoRoot.js:135:121)
  ExpoRoot (node_modules\expo-router\build\ExpoRoot.js:85:33)
  App (node_modules\expo-router\build\qualified-entry.js:20:91)
  <anonymous> (node_modules\react-native-css-interop\dist\runtime\wrap-jsx.js:20:20)
  WithDevTools (node_modules\expo\src\launch\withDevTools.web.tsx:11:9)
λ Bundled 175ms node_modules\expo\node_modules\@expo\cli\node_modules\@expo\router-server\node\render.js (1 module)
Web Bundled 1041ms node_modules\expo-router\entry.js (1 module)
Web Bundled 114ms node_modules\expo-router\entry.js (1 module)
Web  INFO  %cDownload the React DevTools for a better development experience: https://react.dev/link/react-devtools font-weight:bold
Web  LOG  Running application "main" with appParams:
 {"hydrate": undefined, "rootTag": "#root"} 
Development-level warnings: ON.
Performance optimizations: OFF.
λ Bundled 143ms node_modules\expo\node_modules\@expo\cli\node_modules\@expo\router-server\node\render.js (1 module)
Web Bundled 1008ms node_modules\expo-router\entry.js (1 module)
Web Bundled 110ms node_modules\expo-router\entry.js (1 module)
Web  INFO  %cDownload the React DevTools for a better development experience: https://react.dev/link/react-devtools font-weight:bold
Web  LOG  Running application "main" with appParams:
 {"hydrate": undefined, "rootTag": "#root"} 
Development-level warnings: ON.
Performance optimizations: OFF.
Web  WARN  props.pointerEvents is deprecated. Use style.pointerEvents
λ Bundled 144ms node_modules\expo\node_modules\@expo\cli\node_modules\@expo\router-server\node\render.js (1 module)
Web Bundled 1244ms node_modules\expo-router\entry.js (1 module)
Web Bundled 102ms node_modules\expo-router\entry.js (1 module)
Web  INFO  %cDownload the React DevTools for a better development experience: https://react.dev/link/react-devtools font-weight:bold
Web  LOG  Running application "main" with appParams:
 {"hydrate": undefined, "rootTag": "#root"} 
Development-level warnings: ON.
Performance optimizations: OFF.
λ Bundled 158ms node_modules\expo\node_modules\@expo\cli\node_modules\@expo\router-server\node\render.js (1 module)
Web Bundled 1166ms node_modules\expo-router\entry.js (1 module)
Web Bundled 117ms node_modules\expo-router\entry.js (1 module)
Web  INFO  %cDownload the React DevTools for a better development experience: https://react.dev/link/react-devtools font-weight:bold
Web  LOG  Running application "main" with appParams:
 {"hydrate": undefined, "rootTag": "#root"} 
Development-level warnings: ON.
Performance optimizations: OFF.
λ Bundled 129ms node_modules\expo\node_modules\@expo\cli\node_modules\@expo\router-server\node\render.js (1 module)
Web Bundled 790ms node_modules\expo-router\entry.js (1 module)
Web Bundled 80ms node_modules\expo-router\entry.js (1 module)
Web  INFO  %cDownload the React DevTools for a better development experience: https://react.dev/link/react-devtools font-weight:bold
Web  LOG  Running application "main" with appParams:
 {"hydrate": undefined, "rootTag": "#root"} 
Development-level warnings: ON.
Performance optimizations: OFF.
λ Bundled 88ms node_modules\expo\node_modules\@expo\cli\node_modules\@expo\router-server\node\render.js (1 module)
Web Bundled 770ms node_modules\expo-router\entry.js (1 module)
Web Bundled 119ms node_modules\expo-router\entry.js (1 module)
Web  INFO  %cDownload the React DevTools for a better development experience: https://react.dev/link/react-devtools font-weight:bold
Web  LOG  Running application "main" with appParams:
 {"hydrate": undefined, "rootTag": "#root"} 
Development-level warnings: ON.
Performance optimizations: OFF.
Web  WARN  props.pointerEvents is deprecated. Use style.pointerEvents
λ Bundled 182ms node_modules\expo\node_modules\@expo\cli\node_modules\@expo\router-server\node\render.js (1 module)
Web Bundled 1559ms node_modules\expo-router\entry.js (1 module)
Web Bundled 146ms node_modules\expo-router\entry.js (1 module)
Web  INFO  %cDownload the React DevTools for a better development experience: https://react.dev/link/react-devtools font-weight:bold
Web  LOG  Running application "main" with appParams:
 {"hydrate": undefined, "rootTag": "#root"} 
Development-level warnings: ON.
Performance optimizations: OFF.
λ Bundled 90ms node_modules\expo\node_modules\@expo\cli\node_modules\@expo\router-server\node\render.js (1 module)
Web Bundled 1636ms node_modules\expo-router\entry.js (1 module)
Web Bundled 209ms node_modules\expo-router\entry.js (1 module)
Web  INFO  %cDownload the React DevTools for a better development experience: https://react.dev/link/react-devtools font-weight:bold
Web  LOG  Running application "main" with appParams:
 {"hydrate": undefined, "rootTag": "#root"} 
Development-level warnings: ON.
Performance optimizations: OFF.
λ Bundled 156ms node_modules\expo\node_modules\@expo\cli\node_modules\@expo\router-server\node\render.js (1 module)
Web Bundled 1590ms node_modules\expo-router\entry.js (1 module)
Web Bundled 132ms node_modules\expo-router\entry.js (1 module)
Web  INFO  %cDownload the React DevTools for a better development experience: https://react.dev/link/react-devtools font-weight:bold
Web  LOG  Running application "main" with appParams:
 {"hydrate": undefined, "rootTag": "#root"} 
Development-level warnings: ON.
Performance optimizations: OFF.
λ Bundled 165ms node_modules\expo\node_modules\@expo\cli\node_modules\@expo\router-server\node\render.js (1 module)
Web Bundled 1088ms node_modules\expo-router\entry.js (1 module)
Web Bundled 107ms node_modules\expo-router\entry.js (1 module)
Web  INFO  %cDownload the React DevTools for a better development experience: https://react.dev/link/react-devtools font-weight:bold
Web  LOG  Running application "main" with appParams:
 {"hydrate": undefined, "rootTag": "#root"} 
Development-level warnings: ON.
Performance optimizations: OFF.
λ Bundled 114ms node_modules\expo\node_modules\@expo\cli\node_modules\@expo\router-server\node\render.js (1 module)
Web Bundled 1249ms node_modules\expo-router\entry.js (1 module)
Web Bundled 144ms node_modules\expo-router\entry.js (1 module)
Web  INFO  %cDownload the React DevTools for a better development experience: https://react.dev/link/react-devtools font-weight:bold
Web  LOG  Running application "main" with appParams:
 {"hydrate": undefined, "rootTag": "#root"} 
Development-level warnings: ON.
Performance optimizations: OFF.
λ Bundled 132ms node_modules\expo\node_modules\@expo\cli\node_modules\@expo\router-server\node\render.js (1 module)
Web Bundled 1040ms node_modules\expo-router\entry.js (1 module)
Web Bundled 107ms node_modules\expo-router\entry.js (1 module)
Web  INFO  %cDownload the React DevTools for a better development experience: https://react.dev/link/react-devtools font-weight:bold
Web  LOG  Running application "main" with appParams:
 {"hydrate": undefined, "rootTag": "#root"} 
Development-level warnings: ON.
Performance optimizations: OFF.
λ Bundled 243ms node_modules\expo\node_modules\@expo\cli\node_modules\@expo\router-server\node\render.js (1 module)
Web Bundled 1603ms node_modules\expo-router\entry.js (1 module)
Web Bundled 143ms node_modules\expo-router\entry.js (1 module)
Web  INFO  %cDownload the React DevTools for a better development experience: https://react.dev/link/react-devtools font-weight:bold
Web  LOG  Running application "main" with appParams:
 {"hydrate": undefined, "rootTag": "#root"} 
Development-level warnings: ON.
Performance optimizations: OFF.
λ Bundled 191ms node_modules\expo\node_modules\@expo\cli\node_modules\@expo\router-server\node\render.js (1 module)
Web Bundled 1282ms node_modules\expo-router\entry.js (1 module)
Web Bundled 162ms node_modules\expo-router\entry.js (1 module)
Web  INFO  %cDownload the React DevTools for a better development experience: https://react.dev/link/react-devtools font-weight:bold
Web  LOG  Running application "main" with appParams:
 {"hydrate": undefined, "rootTag": "#root"} 
Development-level warnings: ON.
Performance optimizations: OFF.
λ Bundled 148ms node_modules\expo\node_modules\@expo\cli\node_modules\@expo\router-server\node\render.js (1 module)
Web Bundled 1273ms node_modules\expo-router\entry.js (1 module)
Web Bundled 169ms node_modules\expo-router\entry.js (1 module)
Web  INFO  %cDownload the React DevTools for a better development experience: https://react.dev/link/react-devtools font-weight:bold
Web  LOG  Running application "main" with appParams:
 {"hydrate": undefined, "rootTag": "#root"} 
Development-level warnings: ON.
Performance optimizations: OFF.
λ Bundled 146ms node_modules\expo\node_modules\@expo\cli\node_modules\@expo\router-server\node\render.js (1 module)
Web Bundled 1050ms node_modules\expo-router\entry.js (1 module)
Web Bundled 97ms node_modules\expo-router\entry.js (1 module)
Web  INFO  %cDownload the React DevTools for a better development experience: https://react.dev/link/react-devtools font-weight:bold
Web  LOG  Running application "main" with appParams:
 {"hydrate": undefined, "rootTag": "#root"} 
Development-level warnings: ON.
Performance optimizations: OFF.
λ Bundled 162ms node_modules\expo\node_modules\@expo\cli\node_modules\@expo\router-server\node\render.js (1 module)
Web Bundled 1435ms node_modules\expo-router\entry.js (1 module)
Web Bundled 153ms node_modules\expo-router\entry.js (1 module)
Web  INFO  %cDownload the React DevTools for a better development experience: https://react.dev/link/react-devtools font-weight:bold
Web  LOG  Running application "main" with appParams:
 {"hydrate": undefined, "rootTag": "#root"} 
Development-level warnings: ON.
Performance optimizations: OFF.
λ Bundled 134ms node_modules\expo\node_modules\@expo\cli\node_modules\@expo\router-server\node\render.js (1 module)
Web Bundled 1289ms node_modules\expo-router\entry.js (1 module)
Web Bundled 143ms node_modules\expo-router\entry.js (1 module)
Web  INFO  %cDownload the React DevTools for a better development experience: https://react.dev/link/react-devtools font-weight:bold
Web  LOG  Running application "main" with appParams:
 {"hydrate": undefined, "rootTag": "#root"} 
Development-level warnings: ON.
Performance optimizations: OFF.
λ Bundled 177ms node_modules\expo\node_modules\@expo\cli\node_modules\@expo\router-server\node\render.js (1 module)
Web Bundled 1389ms node_modules\expo-router\entry.js (1 module)
Web Bundled 141ms node_modules\expo-router\entry.js (1 module)
Web  INFO  %cDownload the React DevTools for a better development experience: https://react.dev/link/react-devtools font-weight:bold
Web  LOG  Running application "main" with appParams:
 {"hydrate": undefined, "rootTag": "#root"} 
Development-level warnings: ON.
Performance optimizations: OFF.
Web  WARN  props.pointerEvents is deprecated. Use style.pointerEvents
λ Bundled 162ms node_modules\expo\node_modules\@expo\cli\node_modules\@expo\router-server\node\render.js (1 module)
Web Bundled 1602ms node_modules\expo-router\entry.js (1 module)
Web Bundled 101ms node_modules\expo-router\entry.js (1 module)
Web  INFO  %cDownload the React DevTools for a better development experience: https://react.dev/link/react-devtools font-weight:bold
Web  LOG  Running application "main" with appParams:
 {"hydrate": undefined, "rootTag": "#root"} 
Development-level warnings: ON.
Performance optimizations: OFF.
λ Bundled 96ms node_modules\expo\node_modules\@expo\cli\node_modules\@expo\router-server\node\render.js (1 module)
Web Bundled 1078ms node_modules\expo-router\entry.js (1 module)
Web Bundled 123ms node_modules\expo-router\entry.js (1 module)
Web  INFO  %cDownload the React DevTools for a better development experience: https://react.dev/link/react-devtools font-weight:bold
Web  LOG  Running application "main" with appParams:
 {"hydrate": undefined, "rootTag": "#root"} 
Development-level warnings: ON.
Performance optimizations: OFF.
λ Bundled 135ms node_modules\expo\node_modules\@expo\cli\node_modules\@expo\router-server\node\render.js (1 module)
Web Bundled 1001ms node_modules\expo-router\entry.js (1 module)
Web Bundled 96ms node_modules\expo-router\entry.js (1 module)
Web  INFO  %cDownload the React DevTools for a better development experience: https://react.dev/link/react-devtools font-weight:bold
Web  LOG  Running application "main" with appParams:
 {"hydrate": undefined, "rootTag": "#root"} 
Development-level warnings: ON.
Performance optimizations: OFF.
λ Bundled 146ms node_modules\expo\node_modules\@expo\cli\node_modules\@expo\router-server\node\render.js (1 module)
Web Bundled 1232ms node_modules\expo-router\entry.js (1 module)
Web Bundled 145ms node_modules\expo-router\entry.js (1 module)
Web  INFO  %cDownload the React DevTools for a better development experience: https://react.dev/link/react-devtools font-weight:bold
Web  LOG  Running application "main" with appParams:
 {"hydrate": undefined, "rootTag": "#root"} 
Development-level warnings: ON.
Performance optimizations: OFF.
λ Bundled 136ms node_modules\expo\node_modules\@expo\cli\node_modules\@expo\router-server\node\render.js (1 module)
Web Bundled 1389ms node_modules\expo-router\entry.js (1 module)
Web Bundled 157ms node_modules\expo-router\entry.js (1 module)
Web  INFO  %cDownload the React DevTools for a better development experience: https://react.dev/link/react-devtools font-weight:bold
Web  LOG  Running application "main" with appParams:
 {"hydrate": undefined, "rootTag": "#root"} 
Development-level warnings: ON.
Performance optimizations: OFF.
λ Bundled 223ms node_modules\expo\node_modules\@expo\cli\node_modules\@expo\router-server\node\render.js (1 module)
Web Bundled 1363ms node_modules\expo-router\entry.js (1 module)
Web Bundled 118ms node_modules\expo-router\entry.js (1 module)
Web  INFO  %cDownload the React DevTools for a better development experience: https://react.dev/link/react-devtools font-weight:bold
Web  LOG  Running application "main" with appParams:
 {"hydrate": undefined, "rootTag": "#root"} 
Development-level warnings: ON.
Performance optimizations: OFF.
Web  WARN  props.pointerEvents is deprecated. Use style.pointerEvents
λ Bundled 182ms node_modules\expo\node_modules\@expo\cli\node_modules\@expo\router-server\node\render.js (1 module)
Web Bundled 1380ms node_modules\expo-router\entry.js (1 module)
Web Bundled 131ms node_modules\expo-router\entry.js (1 module)
Web  INFO  %cDownload the React DevTools for a better development experience: https://react.dev/link/react-devtools font-weight:bold
Web  LOG  Running application "main" with appParams:
 {"hydrate": undefined, "rootTag": "#root"} 
Development-level warnings: ON.
Performance optimizations: OFF.
λ Bundled 153ms node_modules\expo\node_modules\@expo\cli\node_modules\@expo\router-server\node\render.js (1 module)
Web Bundled 1094ms node_modules\expo-router\entry.js (1 module)
Web Bundled 171ms node_modules\expo-router\entry.js (1 module)
Web  INFO  %cDownload the React DevTools for a better development experience: https://react.dev/link/react-devtools font-weight:bold
Web  LOG  Running application "main" with appParams:
 {"hydrate": undefined, "rootTag": "#root"} 
Development-level warnings: ON.
Performance optimizations: OFF.
λ Bundled 116ms node_modules\expo\node_modules\@expo\cli\node_modules\@expo\router-server\node\render.js (1 module)
Web Bundled 1163ms node_modules\expo-router\entry.js (1 module)
Web Bundled 123ms node_modules\expo-router\entry.js (1 module)
Web  INFO  %cDownload the React DevTools for a better development experience: https://react.dev/link/react-devtools font-weight:bold
Web  LOG  Running application "main" with appParams:
 {"hydrate": undefined, "rootTag": "#root"} 
Development-level warnings: ON.
Performance optimizations: OFF.
λ Bundled 144ms node_modules\expo\node_modules\@expo\cli\node_modules\@expo\router-server\node\render.js (1 module)
Web Bundled 1127ms node_modules\expo-router\entry.js (1 module)
Web Bundled 116ms node_modules\expo-router\entry.js (1 module)
Web  INFO  %cDownload the React DevTools for a better development experience: https://react.dev/link/react-devtools font-weight:bold
Web  LOG  Running application "main" with appParams:
 {"hydrate": undefined, "rootTag": "#root"} 
Development-level warnings: ON.
Performance optimizations: OFF.
Web  WARN  props.pointerEvents is deprecated. Use style.pointerEvents
λ Bundled 149ms node_modules\expo\node_modules\@expo\cli\node_modules\@expo\router-server\node\render.js (1 module)
Web Bundled 1112ms node_modules\expo-router\entry.js (1 module)
Web Bundled 115ms node_modules\expo-router\entry.js (1 module)
Web  INFO  %cDownload the React DevTools for a better development experience: https://react.dev/link/react-devtools font-weight:bold
Web  LOG  Running application "main" with appParams:
 {"hydrate": undefined, "rootTag": "#root"} 
Development-level warnings: ON.
Performance optimizations: OFF.
Web  WARN  props.pointerEvents is deprecated. Use style.pointerEvents
λ Bundled 156ms node_modules\expo\node_modules\@expo\cli\node_modules\@expo\router-server\node\render.js (1 module)
Web Bundled 1277ms node_modules\expo-router\entry.js (1 module)
Web Bundled 133ms node_modules\expo-router\entry.js (1 module)
Web  INFO  %cDownload the React DevTools for a better development experience: https://react.dev/link/react-devtools font-weight:bold
Web  LOG  Running application "main" with appParams:
 {"hydrate": undefined, "rootTag": "#root"} 
Development-level warnings: ON.
Performance optimizations: OFF.
λ Bundled 136ms node_modules\expo\node_modules\@expo\cli\node_modules\@expo\router-server\node\render.js (1 module)
Web Bundled 1130ms node_modules\expo-router\entry.js (1 module)
Web Bundled 139ms node_modules\expo-router\entry.js (1 module)
Web  INFO  %cDownload the React DevTools for a better development experience: https://react.dev/link/react-devtools font-weight:bold
Web  LOG  Running application "main" with appParams:
 {"hydrate": undefined, "rootTag": "#root"} 
Development-level warnings: ON.
Performance optimizations: OFF.
Web  WARN  props.pointerEvents is deprecated. Use style.pointerEvents
λ Bundled 143ms node_modules\expo\node_modules\@expo\cli\node_modules\@expo\router-server\node\render.js (1 module)
Web Bundled 1050ms node_modules\expo-router\entry.js (1 module)
Web Bundled 153ms node_modules\expo-router\entry.js (1 module)
Web  INFO  %cDownload the React DevTools for a better development experience: https://react.dev/link/react-devtools font-weight:bold
Web  LOG  Running application "main" with appParams:
 {"hydrate": undefined, "rootTag": "#root"} 
Development-level warnings: ON.
Performance optimizations: OFF.
Web  WARN  props.pointerEvents is deprecated. Use style.pointerEvents
λ Bundled 234ms node_modules\expo\node_modules\@expo\cli\node_modules\@expo\router-server\node\render.js (1 module)
Web Bundled 1148ms node_modules\expo-router\entry.js (1 module)
Web Bundled 134ms node_modules\expo-router\entry.js (1 module)
Web  INFO  %cDownload the React DevTools for a better development experience: https://react.dev/link/react-devtools font-weight:bold
Web  LOG  Running application "main" with appParams:
 {"hydrate": undefined, "rootTag": "#root"} 
Development-level warnings: ON.
Performance optimizations: OFF.
λ Bundled 151ms node_modules\expo\node_modules\@expo\cli\node_modules\@expo\router-server\node\render.js (1 module)
Web Bundled 961ms node_modules\expo-router\entry.js (1 module)
Web Bundled 130ms node_modules\expo-router\entry.js (1 module)
Web  INFO  %cDownload the React DevTools for a better development experience: https://react.dev/link/react-devtools font-weight:bold
Web  LOG  Running application "main" with appParams:
 {"hydrate": undefined, "rootTag": "#root"} 
Development-level warnings: ON.
Performance optimizations: OFF.
Web  WARN  props.pointerEvents is deprecated. Use style.pointerEvents
λ Bundled 305ms node_modules\expo\node_modules\@expo\cli\node_modules\@expo\router-server\node\render.js (1 module)
Web Bundled 1953ms node_modules\expo-router\entry.js (1 module)
Web Bundled 175ms node_modules\expo-router\entry.js (1 module)
Web  INFO  %cDownload the React DevTools for a better development experience: https://react.dev/link/react-devtools font-weight:bold
Web  LOG  Running application "main" with appParams:
 {"hydrate": undefined, "rootTag": "#root"} 
Development-level warnings: ON.
Performance optimizations: OFF.
λ Bundled 186ms node_modules\expo\node_modules\@expo\cli\node_modules\@expo\router-server\node\render.js (1 module)
Web Bundled 1159ms node_modules\expo-router\entry.js (1 module)
Web Bundled 115ms node_modules\expo-router\entry.js (1 module)
Web  INFO  %cDownload the React DevTools for a better development experience: https://react.dev/link/react-devtools font-weight:bold
Web  LOG  Running application "main" with appParams:
 {"hydrate": undefined, "rootTag": "#root"} 
Development-level warnings: ON.
Performance optimizations: OFF.
Web  ERROR  The action 'GO_BACK' was not handled by any navigator.

Is there any screen to go back to?

This is a development-only warning and won't be shown in production. 

Code: setupHMR.ts
[0m [90m 79 |[39m [36mfunction[39m captureCurrentStack() {
 [90m 80 |[39m   [90m// If you're reading this, look deeper into the call stack to find the actual error source.[39m
[31m[1m>[22m[39m[90m 81 |[39m   [36mreturn[39m [36mnew[39m [33mNamelessError[39m()[33m.[39mstack[33m;[39m
 [90m    |[39m          [31m[1m^[22m[39m
 [90m 82 |[39m }
 [90m 83 |[39m[0m
Call Stack
  captureCurrentStack (node_modules\expo\src\async-require\setupHMR.ts:81:10)
  addErrorStacks (node_modules\expo\src\async-require\setupHMR.ts:59:19)
  console.level (node_modules\expo\src\async-require\setupHMR.ts:22:48)
  consoleErrorMiddleware (node_modules\@expo\log-box\src\LogBox.ts:101:23)
  console.error (node_modules\@expo\log-box\src\LogBox.ts:33:25)
  onUnhandledAction (node_modules\expo-router\build\ExpoRoot.js:183:17)
  <anonymous> (node_modules\expo-router\build\react-navigation\core\useNavigationBuilder.js:611:32)
  latestCallback (node_modules\expo-router\build\utils\useLatestCallback.js:52:28)
  dispatch (node_modules\expo-router\build\react-navigation\core\useNavigationHelpers.js:57:34)
  listeners.focus._$argument_0 (node_modules\expo-router\build\react-navigation\core\BaseNavigationContainer.js:120:59)
  listener (node_modules\expo-router\build\react-navigation\core\useFocusedListenersChildrenAdapter.js:54:45)
  listener (node_modules\expo-router\build\react-navigation\core\useFocusedListenersChildrenAdapter.js:49:45)
  <anonymous> (node_modules\expo-router\build\react-navigation\core\BaseNavigationContainer.js:120:31)
  latestCallback (node_modules\expo-router\build\utils\useLatestCallback.js:52:28)
  exports.routingQueue.run (node_modules\expo-router\build\global-state\routingQueue.js:40:33)
  <anonymous> (node_modules\expo-router\build\imperative-api.js:12:32)
  callCreate.react_stack_bottom_frame (node_modules\react-dom\cjs\react-dom-client.development.js:25989:20)
  runWithFiberInDEV (node_modules\react-dom\cjs\react-dom-client.development.js:871:30)
  commitHookEffectListMount (node_modules\react-dom\cjs\react-dom-client.development.js:13249:29)
  commitHookPassiveMountEffects (node_modules\react-dom\cjs\react-dom-client.development.js:13336:11)
  commitPassiveMountOnFiber (node_modules\react-dom\cjs\react-dom-client.development.js:15484:13)
  recursivelyTraversePassiveMountEffects (node_modules\react-dom\cjs\react-dom-client.development.js:15439:11)
  commitPassiveMountOnFiber (node_modules\react-dom\cjs\react-dom-client.development.js:15718:11)
  recursivelyTraversePassiveMountEffects (node_modules\react-dom\cjs\react-dom-client.development.js:15439:11)
  commitPassiveMountOnFiber (node_modules\react-dom\cjs\react-dom-client.development.js:15476:11)
  recursivelyTraversePassiveMountEffects (node_modules\react-dom\cjs\react-dom-client.development.js:15439:11)
  commitPassiveMountOnFiber (node_modules\react-dom\cjs\react-dom-client.development.js:15476:11)
  recursivelyTraversePassiveMountEffects (node_modules\react-dom\cjs\react-dom-client.development.js:15439:11)
  commitPassiveMountOnFiber (node_modules\react-dom\cjs\react-dom-client.development.js:15718:11)
  recursivelyTraversePassiveMountEffects (node_modules\react-dom\cjs\react-dom-client.development.js:15439:11)
  commitPassiveMountOnFiber (node_modules\react-dom\cjs\react-dom-client.development.js:15504:11)
  recursivelyTraversePassiveMountEffects (node_modules\react-dom\cjs\react-dom-client.development.js:15439:11)
  commitPassiveMountOnFiber (node_modules\react-dom\cjs\react-dom-client.development.js:15476:11)
  recursivelyTraversePassiveMountEffects (node_modules\react-dom\cjs\react-dom-client.development.js:15439:11)
  commitPassiveMountOnFiber (node_modules\react-dom\cjs\react-dom-client.development.js:15476:11) 

Code: ExpoRoot.js
[0m [90m 133 |[39m         }
 [90m 134 |[39m     }
[31m[1m>[22m[39m[90m 135 |[39m     [36mreturn[39m (([35m0[39m[33m,[39m jsx_runtime_1[33m.[39mjsx)(storeContext_1[33m.[39m[33mStoreContext[39m[33m.[39m[33mProvider[39m[33m,[39m { value[33m:[39m store[33m,[39m children[33m:[39m ([35m0[39m[33m,[39m jsx_runtime_1[33m.[39mjsx)([33mNavigationContainer_1[39m[33m.[39m[33mNavigationContainer[39m[33m,[39m { ref[33m:[39m store[33m.[39mnavigationRef[33m,[39m initialState[33m:[39m store[33m.[39mstate[33m,[39m linking[33m:[39m store[33m.[39mlinking[33m,[39m onUnhandledAction[33m:[39m onUnhandledAction[33m,[39m onStateChange[33m:[39m store[33m.[39monStateChange[33m,[39m documentTitle[33m:[39m documentTitle[33m,[39m onReady[33m:[39m onNavigationReady[33m,[39m children[33m:[39m ([35m0[39m[33m,[39m jsx_runtime_1[33m.[39mjsx)(serverLocationContext_1[33m.[39m[33mServerContext[39m[33m.[39m[33mProvider[39m[33m,[39m { value[33m:[39m serverContext[33m,[39m children[33m:[39m ([35m0[39m[33m,[39m jsx_runtime_1[33m.[39mjsx)([33mWrapperComponent[39m[33m,[39m { children[33m:[39m ([35m0[39m[33m,[39m jsx_runtime_1[33m.[39mjsx)([33mContent[39m[33m,[39m {}) }) }) }) }))[33m;[39m
 [90m     |[39m                                                                                                                         [31m[1m^[22m[39m
 [90m 136 |[39m }
 [90m 137 |[39m [36mfunction[39m [33mContent[39m() {
 [90m 138 |[39m     [36mconst[39m children [33m=[39m [([35m0[39m[33m,[39m jsx_runtime_1[33m.[39mjsx)(primitives_1[33m.[39m[33mScreen[39m[33m,[39m { name[33m:[39m constants_1[33m.[39m[33mINTERNAL_SLOT_NAME[39m[33m,[39m component[33m:[39m router_store_1[33m.[39mstore[33m.[39mrootComponent })][33m;[39m[0m
Call Stack
  ContextNavigator (node_modules\expo-router\build\ExpoRoot.js:135:121)
  ExpoRoot (node_modules\expo-router\build\ExpoRoot.js:85:33)
  App (node_modules\expo-router\build\qualified-entry.js:20:91)
  <anonymous> (node_modules\react-native-css-interop\dist\runtime\wrap-jsx.js:20:20)
  WithDevTools (node_modules\expo\src\launch\withDevTools.web.tsx:11:9)
λ Bundled 112ms node_modules\expo\node_modules\@expo\cli\node_modules\@expo\router-server\node\render.js (1 module)
Web Bundled 1170ms node_modules\expo-router\entry.js (1 module)
Web Bundled 124ms node_modules\expo-router\entry.js (1 module)
Web  INFO  %cDownload the React DevTools for a better development experience: https://react.dev/link/react-devtools font-weight:bold
Web  LOG  Running application "main" with appParams:
 {"hydrate": undefined, "rootTag": "#root"} 
Development-level warnings: ON.
Performance optimizations: OFF.
λ Bundled 185ms node_modules\expo\node_modules\@expo\cli\node_modules\@expo\router-server\node\render.js (1 module)
Web Bundled 960ms node_modules\expo-router\entry.js (1 module)
Web Bundled 109ms node_modules\expo-router\entry.js (1 module)
Web  INFO  %cDownload the React DevTools for a better development experience: https://react.dev/link/react-devtools font-weight:bold
Web  LOG  Running application "main" with appParams:
 {"hydrate": undefined, "rootTag": "#root"} 
Development-level warnings: ON.
Performance optimizations: OFF.
Web  WARN  An error occurred in the <StoryRoute(./story/[id].tsx)> component.

Consider adding an error boundary to your tree to customize error handling behavior.
Visit https://react.dev/link/error-boundaries to learn more about error boundaries.
Web  ERROR  [Error: Attempted to navigate before mounting the Root Layout component. Ensure the Root Layout component is rendering a Slot, or other navigator on the first render.] 

Code: [id].tsx
[0m [90m 10 |[39m
 [90m 11 |[39m   useEffect(() [33m=>[39m {
[31m[1m>[22m[39m[90m 12 |[39m     [36mif[39m ([33m![39mstory) router[33m.[39mback()[33m;[39m
 [90m    |[39m                       [31m[1m^[22m[39m
 [90m 13 |[39m   }[33m,[39m [story])[33m;[39m
 [90m 14 |[39m
 [90m 15 |[39m   [36mif[39m ([33m![39mstory) [36mreturn[39m [36mnull[39m[33m;[39m[0m
Call Stack
  useEffect$argument_0 (src\app\story\[id].tsx:12:23) 

Code: _layout.tsx
[0m [90m  7 |[39m   [36mreturn[39m (
 [90m  8 |[39m     [33m<[39m[33mAppProvider[39m[33m>[39m
[31m[1m>[22m[39m[90m  9 |[39m       [33m<[39m[33mStack[39m screenOptions[33m=[39m{{ headerShown[33m:[39m [36mfalse[39m }}[33m>[39m
 [90m    |[39m       [31m[1m^[22m[39m
 [90m 10 |[39m         [33m<[39m[33mStack[39m[33m.[39m[33mScreen[39m name[33m=[39m[32m"index"[39m [33m/[39m[33m>[39m
 [90m 11 |[39m         [33m<[39m[33mStack[39m[33m.[39m[33mScreen[39m name[33m=[39m[32m"onboarding"[39m [33m/[39m[33m>[39m
 [90m 12 |[39m         [33m<[39m[33mStack[39m[33m.[39m[33mScreen[39m name[33m=[39m[32m"(tabs)"[39m [33m/[39m[33m>[39m[0m
Call Stack
  RootLayout (src\app\_layout.tsx:9:7)
λ Bundled 111ms node_modules\expo\node_modules\@expo\cli\node_modules\@expo\router-server\node\render.js (1 module)
Web Bundled 1266ms node_modules\expo-router\entry.js (1 module)
Web Bundled 141ms node_modules\expo-router\entry.js (1 module)
Web  INFO  %cDownload the React DevTools for a better development experience: https://react.dev/link/react-devtools font-weight:bold
Web  LOG  Running application "main" with appParams:
 {"hydrate": undefined, "rootTag": "#root"} 
Development-level warnings: ON.
Performance optimizations: OFF.
λ Bundled 108ms node_modules\expo\node_modules\@expo\cli\node_modules\@expo\router-server\node\render.js (1 module)
Web Bundled 854ms node_modules\expo-router\entry.js (1 module)
Web Bundled 105ms node_modules\expo-router\entry.js (1 module)
Web  INFO  %cDownload the React DevTools for a better development experience: https://react.dev/link/react-devtools font-weight:bold
Web  LOG  Running application "main" with appParams:
 {"hydrate": undefined, "rootTag": "#root"} 
Development-level warnings: ON.
Performance optimizations: OFF.
Web  WARN  An error occurred in the <GameRoute(./game/[id].tsx)> component.

Consider adding an error boundary to your tree to customize error handling behavior.
Visit https://react.dev/link/error-boundaries to learn more about error boundaries.
Web  ERROR  [Error: Attempted to navigate before mounting the Root Layout component. Ensure the Root Layout component is rendering a Slot, or other navigator on the first render.] 

Code: [id].tsx
[0m [90m 10 |[39m
 [90m 11 |[39m   useEffect(() [33m=>[39m {
[31m[1m>[22m[39m[90m 12 |[39m     [36mif[39m ([33m![39mgame) router[33m.[39mback()[33m;[39m
 [90m    |[39m                      [31m[1m^[22m[39m
 [90m 13 |[39m   }[33m,[39m [game])[33m;[39m
 [90m 14 |[39m
 [90m 15 |[39m   [36mif[39m ([33m![39mgame) [36mreturn[39m [36mnull[39m[33m;[39m[0m
Call Stack
  useEffect$argument_0 (src\app\game\[id].tsx:12:22) 

Code: _layout.tsx
[0m [90m  7 |[39m   [36mreturn[39m (
 [90m  8 |[39m     [33m<[39m[33mAppProvider[39m[33m>[39m
[31m[1m>[22m[39m[90m  9 |[39m       [33m<[39m[33mStack[39m screenOptions[33m=[39m{{ headerShown[33m:[39m [36mfalse[39m }}[33m>[39m
 [90m    |[39m       [31m[1m^[22m[39m
 [90m 10 |[39m         [33m<[39m[33mStack[39m[33m.[39m[33mScreen[39m name[33m=[39m[32m"index"[39m [33m/[39m[33m>[39m
 [90m 11 |[39m         [33m<[39m[33mStack[39m[33m.[39m[33mScreen[39m name[33m=[39m[32m"onboarding"[39m [33m/[39m[33m>[39m
 [90m 12 |[39m         [33m<[39m[33mStack[39m[33m.[39m[33mScreen[39m name[33m=[39m[32m"(tabs)"[39m [33m/[39m[33m>[39m[0m
Call Stack
  RootLayout (src\app\_layout.tsx:9:7)
λ Bundled 132ms node_modules\expo\node_modules\@expo\cli\node_modules\@expo\router-server\node\render.js (1 module)
Web Bundled 1000ms node_modules\expo-router\entry.js (1 module)
Web Bundled 88ms node_modules\expo-router\entry.js (1 module)
Web  INFO  %cDownload the React DevTools for a better development experience: https://react.dev/link/react-devtools font-weight:bold
Web  LOG  Running application "main" with appParams:
 {"hydrate": undefined, "rootTag": "#root"} 
Development-level warnings: ON.
Performance optimizations: OFF.
λ Bundled 100ms node_modules\expo\node_modules\@expo\cli\node_modules\@expo\router-server\node\render.js (1 module)
Web Bundled 976ms node_modules\expo-router\entry.js (1 module)
Web Bundled 127ms node_modules\expo-router\entry.js (1 module)
Web  INFO  %cDownload the React DevTools for a better development experience: https://react.dev/link/react-devtools font-weight:bold
Web  LOG  Running application "main" with appParams:
 {"hydrate": undefined, "rootTag": "#root"} 
Development-level warnings: ON.
Performance optimizations: OFF.
λ Bundled 189ms node_modules\expo\node_modules\@expo\cli\node_modules\@expo\router-server\node\render.js (1 module)
Web Bundled 1130ms node_modules\expo-router\entry.js (1 module)
Web Bundled 96ms node_modules\expo-router\entry.js (1 module)
Web  INFO  %cDownload the React DevTools for a better development experience: https://react.dev/link/react-devtools font-weight:bold
Web  LOG  Running application "main" with appParams:
 {"hydrate": undefined, "rootTag": "#root"} 
Development-level warnings: ON.
Performance optimizations: OFF.
λ Bundled 94ms node_modules\expo\node_modules\@expo\cli\node_modules\@expo\router-server\node\render.js (1 module)
Web Bundled 1270ms node_modules\expo-router\entry.js (1 module)
Web Bundled 126ms node_modules\expo-router\entry.js (1 module)
Web  INFO  %cDownload the React DevTools for a better development experience: https://react.dev/link/react-devtools font-weight:bold
Web  LOG  Running application "main" with appParams:
 {"hydrate": undefined, "rootTag": "#root"} 
Development-level warnings: ON.
Performance optimizations: OFF.
λ Bundled 117ms node_modules\expo\node_modules\@expo\cli\node_modules\@expo\router-server\node\render.js (1 module)
Web Bundled 784ms node_modules\expo-router\entry.js (1 module)
Web Bundled 99ms node_modules\expo-router\entry.js (1 module)
Web  INFO  %cDownload the React DevTools for a better development experience: https://react.dev/link/react-devtools font-weight:bold
Web  LOG  Running application "main" with appParams:
 {"hydrate": undefined, "rootTag": "#root"} 
Development-level warnings: ON.
Performance optimizations: OFF.
Web  ERROR  The action 'GO_BACK' was not handled by any navigator.

Is there any screen to go back to?

This is a development-only warning and won't be shown in production. 

Code: setupHMR.ts
[0m [90m 79 |[39m [36mfunction[39m captureCurrentStack() {
 [90m 80 |[39m   [90m// If you're reading this, look deeper into the call stack to find the actual error source.[39m
[31m[1m>[22m[39m[90m 81 |[39m   [36mreturn[39m [36mnew[39m [33mNamelessError[39m()[33m.[39mstack[33m;[39m
 [90m    |[39m          [31m[1m^[22m[39m
 [90m 82 |[39m }
 [90m 83 |[39m[0m
Call Stack
  captureCurrentStack (node_modules\expo\src\async-require\setupHMR.ts:81:10)
  addErrorStacks (node_modules\expo\src\async-require\setupHMR.ts:59:19)
  console.level (node_modules\expo\src\async-require\setupHMR.ts:22:48)
  consoleErrorMiddleware (node_modules\@expo\log-box\src\LogBox.ts:101:23)
  console.error (node_modules\@expo\log-box\src\LogBox.ts:33:25)
  onUnhandledAction (node_modules\expo-router\build\ExpoRoot.js:183:17)
  <anonymous> (node_modules\expo-router\build\react-navigation\core\useNavigationBuilder.js:611:32)
  latestCallback (node_modules\expo-router\build\utils\useLatestCallback.js:52:28)
  dispatch (node_modules\expo-router\build\react-navigation\core\useNavigationHelpers.js:57:34)
  listeners.focus._$argument_0 (node_modules\expo-router\build\react-navigation\core\BaseNavigationContainer.js:120:59)
  listener (node_modules\expo-router\build\react-navigation\core\useFocusedListenersChildrenAdapter.js:54:45)
  listener (node_modules\expo-router\build\react-navigation\core\useFocusedListenersChildrenAdapter.js:49:45)
  <anonymous> (node_modules\expo-router\build\react-navigation\core\BaseNavigationContainer.js:120:31)
  latestCallback (node_modules\expo-router\build\utils\useLatestCallback.js:52:28)
  exports.routingQueue.run (node_modules\expo-router\build\global-state\routingQueue.js:40:33)
  <anonymous> (node_modules\expo-router\build\imperative-api.js:12:32)
  callCreate.react_stack_bottom_frame (node_modules\react-dom\cjs\react-dom-client.development.js:25989:20)
  runWithFiberInDEV (node_modules\react-dom\cjs\react-dom-client.development.js:871:30)
  commitHookEffectListMount (node_modules\react-dom\cjs\react-dom-client.development.js:13249:29)
  commitHookPassiveMountEffects (node_modules\react-dom\cjs\react-dom-client.development.js:13336:11)
  commitPassiveMountOnFiber (node_modules\react-dom\cjs\react-dom-client.development.js:15484:13)
  recursivelyTraversePassiveMountEffects (node_modules\react-dom\cjs\react-dom-client.development.js:15439:11)
  commitPassiveMountOnFiber (node_modules\react-dom\cjs\react-dom-client.development.js:15718:11)
  recursivelyTraversePassiveMountEffects (node_modules\react-dom\cjs\react-dom-client.development.js:15439:11)
  commitPassiveMountOnFiber (node_modules\react-dom\cjs\react-dom-client.development.js:15476:11)
  recursivelyTraversePassiveMountEffects (node_modules\react-dom\cjs\react-dom-client.development.js:15439:11)
  commitPassiveMountOnFiber (node_modules\react-dom\cjs\react-dom-client.development.js:15476:11)
  recursivelyTraversePassiveMountEffects (node_modules\react-dom\cjs\react-dom-client.development.js:15439:11)
  commitPassiveMountOnFiber (node_modules\react-dom\cjs\react-dom-client.development.js:15718:11)
  recursivelyTraversePassiveMountEffects (node_modules\react-dom\cjs\react-dom-client.development.js:15439:11)
  commitPassiveMountOnFiber (node_modules\react-dom\cjs\react-dom-client.development.js:15504:11)
  recursivelyTraversePassiveMountEffects (node_modules\react-dom\cjs\react-dom-client.development.js:15439:11)
  commitPassiveMountOnFiber (node_modules\react-dom\cjs\react-dom-client.development.js:15476:11)
  recursivelyTraversePassiveMountEffects (node_modules\react-dom\cjs\react-dom-client.development.js:15439:11)
  commitPassiveMountOnFiber (node_modules\react-dom\cjs\react-dom-client.development.js:15476:11) 

Code: ExpoRoot.js
[0m [90m 133 |[39m         }
 [90m 134 |[39m     }
[31m[1m>[22m[39m[90m 135 |[39m     [36mreturn[39m (([35m0[39m[33m,[39m jsx_runtime_1[33m.[39mjsx)(storeContext_1[33m.[39m[33mStoreContext[39m[33m.[39m[33mProvider[39m[33m,[39m { value[33m:[39m store[33m,[39m children[33m:[39m ([35m0[39m[33m,[39m jsx_runtime_1[33m.[39mjsx)([33mNavigationContainer_1[39m[33m.[39m[33mNavigationContainer[39m[33m,[39m { ref[33m:[39m store[33m.[39mnavigationRef[33m,[39m initialState[33m:[39m store[33m.[39mstate[33m,[39m linking[33m:[39m store[33m.[39mlinking[33m,[39m onUnhandledAction[33m:[39m onUnhandledAction[33m,[39m onStateChange[33m:[39m store[33m.[39monStateChange[33m,[39m documentTitle[33m:[39m documentTitle[33m,[39m onReady[33m:[39m onNavigationReady[33m,[39m children[33m:[39m ([35m0[39m[33m,[39m jsx_runtime_1[33m.[39mjsx)(serverLocationContext_1[33m.[39m[33mServerContext[39m[33m.[39m[33mProvider[39m[33m,[39m { value[33m:[39m serverContext[33m,[39m children[33m:[39m ([35m0[39m[33m,[39m jsx_runtime_1[33m.[39mjsx)([33mWrapperComponent[39m[33m,[39m { children[33m:[39m ([35m0[39m[33m,[39m jsx_runtime_1[33m.[39mjsx)([33mContent[39m[33m,[39m {}) }) }) }) }))[33m;[39m
 [90m     |[39m                                                                                                                         [31m[1m^[22m[39m
 [90m 136 |[39m }
 [90m 137 |[39m [36mfunction[39m [33mContent[39m() {
 [90m 138 |[39m     [36mconst[39m children [33m=[39m [([35m0[39m[33m,[39m jsx_runtime_1[33m.[39mjsx)(primitives_1[33m.[39m[33mScreen[39m[33m,[39m { name[33m:[39m constants_1[33m.[39m[33mINTERNAL_SLOT_NAME[39m[33m,[39m component[33m:[39m router_store_1[33m.[39mstore[33m.[39mrootComponent })][33m;[39m[0m
Call Stack
  ContextNavigator (node_modules\expo-router\build\ExpoRoot.js:135:121)
  ExpoRoot (node_modules\expo-router\build\ExpoRoot.js:85:33)
  App (node_modules\expo-router\build\qualified-entry.js:20:91)
  <anonymous> (node_modules\react-native-css-interop\dist\runtime\wrap-jsx.js:20:20)
  WithDevTools (node_modules\expo\src\launch\withDevTools.web.tsx:11:9)
Web Bundled 13467ms node_modules\expo-router\entry.js (1 module)
λ Bundled 13595ms node_modules\expo\node_modules\@expo\cli\node_modules\@expo\router-server\node\render.js (1 module)
Web Bundled 5847ms node_modules\expo-router\entry.js (1 module)
Web  INFO  %cDownload the React DevTools for a better development experience: https://react.dev/link/react-devtools font-weight:bold
Web  LOG  Running application "main" with appParams:
 {"hydrate": undefined, "rootTag": "#root"} 
Development-level warnings: ON.
Performance optimizations: OFF.
λ Bundled 132ms node_modules\expo\node_modules\@expo\cli\node_modules\@expo\router-server\node\render.js (1 module)
Web Bundled 1372ms node_modules\expo-router\entry.js (1 module)
Web Bundled 129ms node_modules\expo-router\entry.js (1 module)
Web  INFO  %cDownload the React DevTools for a better development experience: https://react.dev/link/react-devtools font-weight:bold
Web  LOG  Running application "main" with appParams:
 {"hydrate": undefined, "rootTag": "#root"} 
Development-level warnings: ON.
Performance optimizations: OFF.
λ Bundled 128ms node_modules\expo\node_modules\@expo\cli\node_modules\@expo\router-server\node\render.js (1 module)
Web Bundled 891ms node_modules\expo-router\entry.js (1 module)
Web Bundled 108ms node_modules\expo-router\entry.js (1 module)
Web  INFO  %cDownload the React DevTools for a better development experience: https://react.dev/link/react-devtools font-weight:bold
Web  LOG  Running application "main" with appParams:
 {"hydrate": undefined, "rootTag": "#root"} 
Development-level warnings: ON.
Performance optimizations: OFF.
λ Bundled 134ms node_modules\expo\node_modules\@expo\cli\node_modules\@expo\router-server\node\render.js (1 module)
Web Bundled 1038ms node_modules\expo-router\entry.js (1 module)
Web Bundled 97ms node_modules\expo-router\entry.js (1 module)
Web  INFO  %cDownload the React DevTools for a better development experience: https://react.dev/link/react-devtools font-weight:bold
Web  LOG  Running application "main" with appParams:
 {"hydrate": undefined, "rootTag": "#root"} 
Development-level warnings: ON.
Performance optimizations: OFF.
λ Bundled 132ms node_modules\expo\node_modules\@expo\cli\node_modules\@expo\router-server\node\render.js (1 module)
Web Bundled 951ms node_modules\expo-router\entry.js (1 module)
Web Bundled 127ms node_modules\expo-router\entry.js (1 module)
Web  INFO  %cDownload the React DevTools for a better development experience: https://react.dev/link/react-devtools font-weight:bold
Web  LOG  Running application "main" with appParams:
 {"hydrate": undefined, "rootTag": "#root"} 
Development-level warnings: ON.
Performance optimizations: OFF.
λ Bundled 121ms node_modules\expo\node_modules\@expo\cli\node_modules\@expo\router-server\node\render.js (1 module)
Web Bundled 1177ms node_modules\expo-router\entry.js (1 module)
Web Bundled 124ms node_modules\expo-router\entry.js (1 module)
Web  INFO  %cDownload the React DevTools for a better development experience: https://react.dev/link/react-devtools font-weight:bold
Web  LOG  Running application "main" with appParams:
 {"hydrate": undefined, "rootTag": "#root"} 
Development-level warnings: ON.
Performance optimizations: OFF.
λ Bundled 157ms node_modules\expo\node_modules\@expo\cli\node_modules\@expo\router-server\node\render.js (1 module)
Web Bundled 962ms node_modules\expo-router\entry.js (1 module)
Web Bundled 108ms node_modules\expo-router\entry.js (1 module)
Web  INFO  %cDownload the React DevTools for a better development experience: https://react.dev/link/react-devtools font-weight:bold
Web  LOG  Running application "main" with appParams:
 {"hydrate": undefined, "rootTag": "#root"} 
Development-level warnings: ON.
Performance optimizations: OFF.
λ Bundled 150ms node_modules\expo\node_modules\@expo\cli\node_modules\@expo\router-server\node\render.js (1 module)
Web Bundled 1204ms node_modules\expo-router\entry.js (1 module)
Web Bundled 121ms node_modules\expo-router\entry.js (1 module)
Web  INFO  %cDownload the React DevTools for a better development experience: https://react.dev/link/react-devtools font-weight:bold
Web  LOG  Running application "main" with appParams:
 {"hydrate": undefined, "rootTag": "#root"} 
Development-level warnings: ON.
Performance optimizations: OFF.
λ Bundled 132ms node_modules\expo\node_modules\@expo\cli\node_modules\@expo\router-server\node\render.js (1 module)
Web Bundled 1135ms node_modules\expo-router\entry.js (1 module)
Web Bundled 106ms node_modules\expo-router\entry.js (1 module)
Web  INFO  %cDownload the React DevTools for a better development experience: https://react.dev/link/react-devtools font-weight:bold
Web  LOG  Running application "main" with appParams:
 {"hydrate": undefined, "rootTag": "#root"} 
Development-level warnings: ON.
Performance optimizations: OFF.
λ Bundled 151ms node_modules\expo\node_modules\@expo\cli\node_modules\@expo\router-server\node\render.js (1 module)
Web Bundled 1063ms node_modules\expo-router\entry.js (1 module)
Web Bundled 95ms node_modules\expo-router\entry.js (1 module)
Web  INFO  %cDownload the React DevTools for a better development experience: https://react.dev/link/react-devtools font-weight:bold
Web  LOG  Running application "main" with appParams:
 {"hydrate": undefined, "rootTag": "#root"} 
Development-level warnings: ON.
Performance optimizations: OFF.
λ Bundled 127ms node_modules\expo\node_modules\@expo\cli\node_modules\@expo\router-server\node\render.js (1 module)
Web Bundled 1327ms node_modules\expo-router\entry.js (1 module)
Web Bundled 153ms node_modules\expo-router\entry.js (1 module)
Web  INFO  %cDownload the React DevTools for a better development experience: https://react.dev/link/react-devtools font-weight:bold
Web  LOG  Running application "main" with appParams:
 {"hydrate": undefined, "rootTag": "#root"} 
Development-level warnings: ON.
Performance optimizations: OFF.
λ Bundled 95ms node_modules\expo\node_modules\@expo\cli\node_modules\@expo\router-server\node\render.js (1 module)
Web Bundled 1141ms node_modules\expo-router\entry.js (1 module)
Web Bundled 122ms node_modules\expo-router\entry.js (1 module)
Web  INFO  %cDownload the React DevTools for a better development experience: https://react.dev/link/react-devtools font-weight:bold
Web  LOG  Running application "main" with appParams:
 {"hydrate": undefined, "rootTag": "#root"} 
Development-level warnings: ON.
Performance optimizations: OFF.
λ Bundled 113ms node_modules\expo\node_modules\@expo\cli\node_modules\@expo\router-server\node\render.js (1 module)
Web Bundled 1302ms node_modules\expo-router\entry.js (1 module)
Web Bundled 115ms node_modules\expo-router\entry.js (1 module)
Web  INFO  %cDownload the React DevTools for a better development experience: https://react.dev/link/react-devtools font-weight:bold
Web  LOG  Running application "main" with appParams:
 {"hydrate": undefined, "rootTag": "#root"} 
Development-level warnings: ON.
Performance optimizations: OFF.
Web  WARN  props.pointerEvents is deprecated. Use style.pointerEvents
λ Bundled 142ms node_modules\expo\node_modules\@expo\cli\node_modules\@expo\router-server\node\render.js (1 module)
Web Bundled 1131ms node_modules\expo-router\entry.js (1 module)
Web Bundled 86ms node_modules\expo-router\entry.js (1 module)
Web  INFO  %cDownload the React DevTools for a better development experience: https://react.dev/link/react-devtools font-weight:bold
Web  LOG  Running application "main" with appParams:
 {"hydrate": undefined, "rootTag": "#root"} 
Development-level warnings: ON.
Performance optimizations: OFF.
λ Bundled 108ms node_modules\expo\node_modules\@expo\cli\node_modules\@expo\router-server\node\render.js (1 module)
Web Bundled 1196ms node_modules\expo-router\entry.js (1 module)
Web Bundled 123ms node_modules\expo-router\entry.js (1 module)
Web  INFO  %cDownload the React DevTools for a better development experience: https://react.dev/link/react-devtools font-weight:bold
Web  LOG  Running application "main" with appParams:
 {"hydrate": undefined, "rootTag": "#root"} 
Development-level warnings: ON.
Performance optimizations: OFF.
λ Bundled 92ms node_modules\expo\node_modules\@expo\cli\node_modules\@expo\router-server\node\render.js (1 module)
Web Bundled 1145ms node_modules\expo-router\entry.js (1 module)
Web Bundled 110ms node_modules\expo-router\entry.js (1 module)
Web  INFO  %cDownload the React DevTools for a better development experience: https://react.dev/link/react-devtools font-weight:bold
Web  LOG  Running application "main" with appParams:
 {"hydrate": undefined, "rootTag": "#root"} 
Development-level warnings: ON.
Performance optimizations: OFF.
λ Bundled 102ms node_modules\expo\node_modules\@expo\cli\node_modules\@expo\router-server\node\render.js (1 module)
Web Bundled 960ms node_modules\expo-router\entry.js (1 module)
Web Bundled 106ms node_modules\expo-router\entry.js (1 module)
Web  INFO  %cDownload the React DevTools for a better development experience: https://react.dev/link/react-devtools font-weight:bold
Web  LOG  Running application "main" with appParams:
 {"hydrate": undefined, "rootTag": "#root"} 
Development-level warnings: ON.
Performance optimizations: OFF.
Web  WARN  props.pointerEvents is deprecated. Use style.pointerEvents
λ Bundled 120ms node_modules\expo\node_modules\@expo\cli\node_modules\@expo\router-server\node\render.js (1 module)
Web Bundled 988ms node_modules\expo-router\entry.js (1 module)
Web Bundled 111ms node_modules\expo-router\entry.js (1 module)
Web  INFO  %cDownload the React DevTools for a better development experience: https://react.dev/link/react-devtools font-weight:bold
Web  LOG  Running application "main" with appParams:
 {"hydrate": undefined, "rootTag": "#root"} 
Development-level warnings: ON.
Performance optimizations: OFF.
Web  WARN  props.pointerEvents is deprecated. Use style.pointerEvents
λ Bundled 141ms node_modules\expo\node_modules\@expo\cli\node_modules\@expo\router-server\node\render.js (1 module)
Web Bundled 1066ms node_modules\expo-router\entry.js (1 module)
Web Bundled 121ms node_modules\expo-router\entry.js (1 module)
Web  INFO  %cDownload the React DevTools for a better development experience: https://react.dev/link/react-devtools font-weight:bold
Web  LOG  Running application "main" with appParams:
 {"hydrate": undefined, "rootTag": "#root"} 
Development-level warnings: ON.
Performance optimizations: OFF.
λ Bundled 155ms node_modules\expo\node_modules\@expo\cli\node_modules\@expo\router-server\node\render.js (1 module)
Web Bundled 1085ms node_modules\expo-router\entry.js (1 module)
Web Bundled 117ms node_modules\expo-router\entry.js (1 module)
Web  INFO  %cDownload the React DevTools for a better development experience: https://react.dev/link/react-devtools font-weight:bold
Web  LOG  Running application "main" with appParams:
 {"hydrate": undefined, "rootTag": "#root"} 
Development-level warnings: ON.
Performance optimizations: OFF.
Web  WARN  props.pointerEvents is deprecated. Use style.pointerEvents
λ Bundled 216ms node_modules\expo\node_modules\@expo\cli\node_modules\@expo\router-server\node\render.js (1 module)
Web Bundled 1149ms node_modules\expo-router\entry.js (1 module)
Web Bundled 110ms node_modules\expo-router\entry.js (1 module)
Web  INFO  %cDownload the React DevTools for a better development experience: https://react.dev/link/react-devtools font-weight:bold
Web  LOG  Running application "main" with appParams:
 {"hydrate": undefined, "rootTag": "#root"} 
Development-level warnings: ON.
Performance optimizations: OFF.
Web  WARN  props.pointerEvents is deprecated. Use style.pointerEvents
λ Bundled 104ms node_modules\expo\node_modules\@expo\cli\node_modules\@expo\router-server\node\render.js (1 module)
Web Bundled 975ms node_modules\expo-router\entry.js (1 module)
Web Bundled 108ms node_modules\expo-router\entry.js (1 module)
Web  INFO  %cDownload the React DevTools for a better development experience: https://react.dev/link/react-devtools font-weight:bold
Web  LOG  Running application "main" with appParams:
 {"hydrate": undefined, "rootTag": "#root"} 
Development-level warnings: ON.
Performance optimizations: OFF.
λ Bundled 73ms node_modules\expo\node_modules\@expo\cli\node_modules\@expo\router-server\node\render.js (1 module)
Web Bundled 665ms node_modules\expo-router\entry.js (1 module)
Web Bundled 83ms node_modules\expo-router\entry.js (1 module)
Web  INFO  %cDownload the React DevTools for a better development experience: https://react.dev/link/react-devtools font-weight:bold
Web  LOG  Running application "main" with appParams:
 {"hydrate": undefined, "rootTag": "#root"} 
Development-level warnings: ON.
Performance optimizations: OFF.
Web  WARN  props.pointerEvents is deprecated. Use style.pointerEvents
